India Asia collision tectonic reconstruction -> 2
eastern Himalayan syntaxis tectonics -> 13
Sundaland Southeast Asia tectonic evolution -> 16
Sunda subduction zone seismicity -> 16
Bay of Bengal Andaman Sea tectonics -> 18
global subduction zone megathrust comparison -> 18
Tibetan Plateau eastward extrusion India indentation -> 19
Himalaya seismic hazard India catalogue -> 20
global seismicity b-value subduction zones comparison -> 20
Indian plate motion GPS deformation Asia -> 20
Bengal fan sediment provenance Himalaya erosion -> 24
Tethyan suture ophiolite belt Asia -> 24
slab tomography Southeast Asia upper mantle -> 24
great earthquake tsunami Indian Ocean hazard -> 24
India intraplate deformation stress field -> 25
ionospheric precursor earthquake global GNSS statistics -> 25
machine learning global earthquake catalog subduction -> 26
oblique convergence strain partitioning forearc sliver -> 27
monsoon hydrology seismicity modulation Himalaya -> 28
crustal structure receiver function Indian shield Himalaya -> 29
TOTAL 29
